Äa] disableCore1WDT(): Failed to remove Core 1 IDLE task from WDT
PINGO_RENDER seq=0 bmid=1257 render_us=197447
PINGO_RENDER seq=1 bmid=1257 render_us=193783
PINGO_RENDER seq=2 bmid=1257 render_us=202995
PINGO_RENDER seq=3 bmid=1257 render_us=210820
PINGO_RENDER seq=4 bmid=1257 render_us=214298
PINGO_RENDER seq=5 bmid=1257 render_us=215100
PINGO_RENDER seq=6 bmid=1257 render_us=211435
PINGO_RENDER seq=7 bmid=1257 render_us=204099
PINGO_RENDER seq=8 bmid=1257 render_us=192744
PINGO_RENDER seq=9 bmid=1257 render_us=197441
PINGO_RENDER seq=10 bmid=1257 render_us=193746
PINGO_RENDER seq=11 bmid=1257 render_us=203186
PINGO_RENDER seq=12 bmid=1257 render_us=210951
PINGO_RENDER seq=13 bmid=1257 render_us=214291
PINGO_RENDER seq=14 bmid=1257 render_us=215031
PINGO_RENDER seq=15 bmid=1257 render_us=211292
PINGO_RENDER seq=16 bmid=1257 render_us=203851
PINGO_RENDER seq=17 bmid=1257 render_us=192734
PINGO_RENDER seq=18 bmid=1257 render_us=197390
PINGO_RENDER seq=19 bmid=1257 render_us=193742
PINGO_RENDER seq=20 bmid=1257 render_us=203199
PINGO_RENDER seq=21 bmid=1257 render_us=211016
PINGO_RENDER seq=22 bmid=1257 render_us=214386
PINGO_RENDER seq=23 bmid=1257 render_us=215090
PINGO_RENDER seq=24 bmid=1257 render_us=211356
PINGO_RENDER seq=25 bmid=1257 render_us=203952
PINGO_RENDER seq=26 bmid=1257 render_us=192700
PINGO_RENDER seq=27 bmid=1257 render_us=197381
PINGO_RENDER seq=28 bmid=1257 render_us=193853
PINGO_RENDER seq=29 bmid=1257 render_us=203188
PINGO_RENDER seq=30 bmid=1257 render_us=210976
PINGO_RENDER seq=31 bmid=1257 render_us=214338
PINGO_RENDER seq=32 bmid=1257 render_us=215046
PINGO_RENDER seq=33 bmid=1257 render_us=211294
PINGO_RENDER seq=34 bmid=1257 render_us=203975
PINGO_RENDER seq=35 bmid=1257 render_us=192775
PINGO_RENDER seq=36 bmid=1257 render_us=61892
PINGO_RENDER seq=37 bmid=1257 render_us=66154
PINGO_RENDER seq=38 bmid=1257 render_us=72039
PINGO_RENDER seq=39 bmid=1257 render_us=76345
PINGO_RENDER seq=40 bmid=1257 render_us=78900
PINGO_RENDER seq=41 bmid=1257 render_us=80016
PINGO_RENDER seq=42 bmid=1257 render_us=80190
PINGO_RENDER seq=43 bmid=1257 render_us=78626
PINGO_RENDER seq=44 bmid=1257 render_us=76136
PINGO_RENDER seq=45 bmid=1257 render_us=75662
PINGO_RENDER seq=46 bmid=1257 render_us=76819
PINGO_RENDER seq=47 bmid=1257 render_us=77327
PINGO_RENDER seq=48 bmid=1257 render_us=77437
PINGO_RENDER seq=49 bmid=1257 render_us=76795
PINGO_RENDER seq=50 bmid=1257 render_us=73923
PINGO_RENDER seq=51 bmid=1257 render_us=70140
PINGO_RENDER seq=52 bmid=1257 render_us=65105
PINGO_RENDER seq=53 bmid=1257 render_us=60023
PINGO_RENDER seq=54 bmid=1257 render_us=56247
PINGO_RENDER seq=55 bmid=1257 render_us=59333
PINGO_RENDER seq=56 bmid=1257 render_us=64495
PINGO_RENDER seq=57 bmid=1257 render_us=69514
PINGO_RENDER seq=58 bmid=1257 render_us=72972
PINGO_RENDER seq=59 bmid=1257 render_us=75745
PINGO_RENDER seq=60 bmid=1257 render_us=76834
PINGO_RENDER seq=61 bmid=1257 render_us=77045
PINGO_RENDER seq=62 bmid=1257 render_us=76674
PINGO_RENDER seq=63 bmid=1257 render_us=75726
PINGO_RENDER seq=64 bmid=1257 render_us=76126
PINGO_RENDER seq=65 bmid=1257 render_us=78835
PINGO_RENDER seq=66 bmid=1257 render_us=80208
PINGO_RENDER seq=67 bmid=1257 render_us=79551
PINGO_RENDER seq=68 bmid=1257 render_us=78245
PINGO_RENDER seq=69 bmid=1257 render_us=75167
PINGO_RENDER seq=70 bmid=1257 render_us=70973
PINGO_RENDER seq=71 bmid=1257 render_us=65962
PINGO_RENDER seq=72 bmid=1257 render_us=146456
PINGO_RENDER seq=73 bmid=1257 render_us=146073
PINGO_RENDER seq=74 bmid=1257 render_us=146046
PINGO_RENDER seq=75 bmid=1257 render_us=145815
PINGO_RENDER seq=76 bmid=1257 render_us=145764
PINGO_RENDER seq=77 bmid=1257 render_us=145811
PINGO_RENDER seq=78 bmid=1257 render_us=145489
PINGO_RENDER seq=79 bmid=1257 render_us=145586
PINGO_RENDER seq=80 bmid=1257 render_us=145275
PINGO_RENDER seq=81 bmid=1257 render_us=145980
PINGO_RENDER seq=82 bmid=1257 render_us=146095
PINGO_RENDER seq=83 bmid=1257 render_us=146590
PINGO_RENDER seq=84 bmid=1257 render_us=146034
PINGO_RENDER seq=85 bmid=1257 render_us=146167
PINGO_RENDER seq=86 bmid=1257 render_us=146016
PINGO_RENDER seq=87 bmid=1257 render_us=145968
PINGO_RENDER seq=88 bmid=1257 render_us=146818
PINGO_RENDER seq=89 bmid=1257 render_us=146612
PINGO_RENDER seq=90 bmid=1257 render_us=147210
PINGO_RENDER seq=91 bmid=1257 render_us=147383
PINGO_RENDER seq=92 bmid=1257 render_us=147183
PINGO_RENDER seq=93 bmid=1257 render_us=146751
PINGO_RENDER seq=94 bmid=1257 render_us=147321
PINGO_RENDER seq=95 bmid=1257 render_us=147556
PINGO_RENDER seq=96 bmid=1257 render_us=147434
PINGO_RENDER seq=97 bmid=1257 render_us=147498
PINGO_RENDER seq=98 bmid=1257 render_us=146746
PINGO_RENDER seq=99 bmid=1257 render_us=146700
PINGO_RENDER seq=100 bmid=1257 render_us=147074
PINGO_RENDER seq=101 bmid=1257 render_us=146719
PINGO_RENDER seq=102 bmid=1257 render_us=146222
PINGO_RENDER seq=103 bmid=1257 render_us=146048
PINGO_RENDER seq=104 bmid=1257 render_us=146473
PINGO_RENDER seq=105 bmid=1257 render_us=146213
PINGO_RENDER seq=106 bmid=1257 render_us=146287
PINGO_RENDER seq=107 bmid=1257 render_us=146051
PINGO_RENDER seq=0 bmid=1410 render_us=121393
PINGO_RENDER seq=1 bmid=1410 render_us=121108
PINGO_RENDER seq=2 bmid=1410 render_us=121166
PINGO_RENDER seq=3 bmid=1410 render_us=121767
PINGO_RENDER seq=4 bmid=1410 render_us=122585
PINGO_RENDER seq=5 bmid=1410 render_us=123214
PINGO_RENDER seq=6 bmid=1410 render_us=123746
PINGO_RENDER seq=7 bmid=1410 render_us=124483
PINGO_RENDER seq=8 bmid=1410 render_us=125602
PINGO_RENDER seq=9 bmid=1410 render_us=126619
PINGO_RENDER seq=10 bmid=1410 render_us=127338
PINGO_RENDER seq=11 bmid=1410 render_us=128202
PINGO_RENDER seq=12 bmid=1410 render_us=128165
PINGO_RENDER seq=13 bmid=1410 render_us=128737
PINGO_RENDER seq=14 bmid=1410 render_us=129154
PINGO_RENDER seq=15 bmid=1410 render_us=129559
PINGO_RENDER seq=16 bmid=1410 render_us=129762
PINGO_RENDER seq=17 bmid=1410 render_us=130816
PINGO_RENDER seq=18 bmid=1410 render_us=131246
PINGO_RENDER seq=19 bmid=1410 render_us=131911
PINGO_RENDER seq=20 bmid=1410 render_us=132415
PINGO_RENDER seq=21 bmid=1410 render_us=132677
PINGO_RENDER seq=22 bmid=1410 render_us=133089
PINGO_RENDER seq=23 bmid=1410 render_us=133968
PINGO_RENDER seq=24 bmid=1410 render_us=134988
PINGO_RENDER seq=25 bmid=1410 render_us=135164
PINGO_RENDER seq=26 bmid=1410 render_us=135697
PINGO_RENDER seq=27 bmid=1410 render_us=136464
PINGO_RENDER seq=28 bmid=1410 render_us=137452
PINGO_RENDER seq=29 bmid=1410 render_us=137328
PINGO_RENDER seq=30 bmid=1410 render_us=138939
PINGO_RENDER seq=31 bmid=1410 render_us=138923
PINGO_RENDER seq=32 bmid=1410 render_us=139232
PINGO_RENDER seq=33 bmid=1410 render_us=139555
PINGO_RENDER seq=34 bmid=1410 render_us=138855
PINGO_RENDER seq=35 bmid=1410 render_us=137358
PINGO_RENDER seq=36 bmid=1410 render_us=137366
PINGO_RENDER seq=37 bmid=1410 render_us=137217
PINGO_RENDER seq=38 bmid=1410 render_us=136708
PINGO_RENDER seq=39 bmid=1410 render_us=135742
PINGO_RENDER seq=40 bmid=1410 render_us=136157
PINGO_RENDER seq=41 bmid=1410 render_us=136801
PINGO_RENDER seq=42 bmid=1410 render_us=137836
PINGO_RENDER seq=43 bmid=1410 render_us=138996
PINGO_RENDER seq=44 bmid=1410 render_us=140027
PINGO_RENDER seq=45 bmid=1410 render_us=140884
PINGO_RENDER seq=46 bmid=1410 render_us=142379
PINGO_RENDER seq=47 bmid=1410 render_us=143829
PINGO_RENDER seq=48 bmid=1410 render_us=144661
PINGO_RENDER seq=49 bmid=1410 render_us=146294
PINGO_RENDER seq=50 bmid=1410 render_us=148082
PINGO_RENDER seq=51 bmid=1410 render_us=148032
PINGO_RENDER seq=52 bmid=1410 render_us=147924
PINGO_RENDER seq=53 bmid=1410 render_us=148213
PINGO_RENDER seq=54 bmid=1410 render_us=149865
PINGO_RENDER seq=55 bmid=1410 render_us=151650
PINGO_RENDER seq=56 bmid=1410 render_us=152083
PINGO_RENDER seq=57 bmid=1410 render_us=152651
PINGO_RENDER seq=58 bmid=1410 render_us=152560
PINGO_RENDER seq=59 bmid=1410 render_us=151744
PINGO_RENDER seq=60 bmid=1410 render_us=150566
PINGO_RENDER seq=61 bmid=1410 render_us=150610
PINGO_RENDER seq=62 bmid=1410 render_us=151153
PINGO_RENDER seq=63 bmid=1410 render_us=152224
PINGO_RENDER seq=64 bmid=1410 render_us=153676
PINGO_RENDER seq=65 bmid=1410 render_us=155562
PINGO_RENDER seq=66 bmid=1410 render_us=157335
PINGO_RENDER seq=67 bmid=1410 render_us=158670
PINGO_RENDER seq=68 bmid=1410 render_us=160041
PINGO_RENDER seq=69 bmid=1410 render_us=161582
PINGO_RENDER seq=70 bmid=1410 render_us=162942
PINGO_RENDER seq=71 bmid=1410 render_us=164760
PINGO_RENDER seq=72 bmid=1410 render_us=166695
PINGO_RENDER seq=73 bmid=1410 render_us=168306
PINGO_RENDER seq=74 bmid=1410 render_us=169831
PINGO_RENDER seq=75 bmid=1410 render_us=171736
PINGO_RENDER seq=76 bmid=1410 render_us=173562
PINGO_RENDER seq=77 bmid=1410 render_us=175396
PINGO_RENDER seq=78 bmid=1410 render_us=177459
PINGO_RENDER seq=79 bmid=1410 render_us=179128
PINGO_RENDER seq=80 bmid=1410 render_us=181248
PINGO_RENDER seq=81 bmid=1410 render_us=183515
PINGO_RENDER seq=82 bmid=1410 render_us=184928
PINGO_RENDER seq=83 bmid=1410 render_us=186878
PINGO_RENDER seq=84 bmid=1410 render_us=188796
PINGO_RENDER seq=85 bmid=1410 render_us=190767
PINGO_RENDER seq=86 bmid=1410 render_us=193731
PINGO_RENDER seq=87 bmid=1410 render_us=195535
PINGO_RENDER seq=88 bmid=1410 render_us=197758
PINGO_RENDER seq=89 bmid=1410 render_us=200049
PINGO_RENDER seq=90 bmid=1410 render_us=201674
PINGO_RENDER seq=91 bmid=1410 render_us=203509
PINGO_RENDER seq=92 bmid=1410 render_us=204983
PINGO_RENDER seq=93 bmid=1410 render_us=207456
PINGO_RENDER seq=94 bmid=1410 render_us=208968
PINGO_RENDER seq=95 bmid=1410 render_us=211157
PINGO_RENDER seq=96 bmid=1410 render_us=213735
PINGO_RENDER seq=97 bmid=1410 render_us=215586
PINGO_RENDER seq=98 bmid=1410 render_us=217882
PINGO_RENDER seq=99 bmid=1410 render_us=220409
PINGO_RENDER seq=100 bmid=1410 render_us=222186
PINGO_RENDER seq=101 bmid=1410 render_us=224440
PINGO_RENDER seq=102 bmid=1410 render_us=226634
PINGO_RENDER seq=103 bmid=1410 render_us=228462
PINGO_RENDER seq=104 bmid=1410 render_us=230714
PINGO_RENDER seq=105 bmid=1410 render_us=233545
PINGO_RENDER seq=106 bmid=1410 render_us=235419
PINGO_RENDER seq=107 bmid=1410 render_us=237020
PINGO_RENDER seq=108 bmid=1410 render_us=239734
PINGO_RENDER seq=109 bmid=1410 render_us=240177
PINGO_RENDER seq=110 bmid=1410 render_us=242638
PINGO_RENDER seq=111 bmid=1410 render_us=245533
PINGO_RENDER seq=112 bmid=1410 render_us=246899
PINGO_RENDER seq=113 bmid=1410 render_us=249058
PINGO_RENDER seq=114 bmid=1410 render_us=251713
PINGO_RENDER seq=115 bmid=1410 render_us=253916
PINGO_RENDER seq=116 bmid=1410 render_us=256141
PINGO_RENDER seq=117 bmid=1410 render_us=258165
PINGO_RENDER seq=118 bmid=1410 render_us=259873
PINGO_RENDER seq=119 bmid=1410 render_us=261661
PINGO_RENDER seq=120 bmid=1410 render_us=263699
PINGO_RENDER seq=121 bmid=1410 render_us=265168
PINGO_RENDER seq=122 bmid=1410 render_us=266299
PINGO_RENDER seq=123 bmid=1410 render_us=269279
PINGO_RENDER seq=124 bmid=1410 render_us=271477
PINGO_RENDER seq=125 bmid=1410 render_us=273301
PINGO_RENDER seq=126 bmid=1410 render_us=271634
PINGO_RENDER seq=127 bmid=1410 render_us=271039
PINGO_RENDER seq=128 bmid=1410 render_us=271553
PINGO_RENDER seq=129 bmid=1410 render_us=271701
PINGO_RENDER seq=130 bmid=1410 render_us=272492
PINGO_RENDER seq=131 bmid=1410 render_us=273618
PINGO_RENDER seq=132 bmid=1410 render_us=274547
PINGO_RENDER seq=133 bmid=1410 render_us=273301
PINGO_RENDER seq=134 bmid=1410 render_us=273057
PINGO_RENDER seq=135 bmid=1410 render_us=272533
PINGO_RENDER seq=136 bmid=1410 render_us=273131
PINGO_RENDER seq=137 bmid=1410 render_us=273099
PINGO_RENDER seq=138 bmid=1410 render_us=273986
PINGO_RENDER seq=139 bmid=1410 render_us=273926
PINGO_RENDER seq=140 bmid=1410 render_us=274740
PINGO_RENDER seq=141 bmid=1410 render_us=274604
PINGO_RENDER seq=142 bmid=1410 render_us=275141
PINGO_RENDER seq=143 bmid=1410 render_us=295066
PINGO_RENDER seq=144 bmid=1410 render_us=278476
PINGO_RENDER seq=145 bmid=1410 render_us=297699
PINGO_RENDER seq=146 bmid=1410 render_us=275390
PINGO_RENDER seq=147 bmid=1410 render_us=275267
PINGO_RENDER seq=148 bmid=1410 render_us=274950
PINGO_RENDER seq=149 bmid=1410 render_us=275329
PINGO_RENDER seq=150 bmid=1410 render_us=275138
PINGO_RENDER seq=151 bmid=1410 render_us=273553
PINGO_RENDER seq=152 bmid=1410 render_us=273937
PINGO_RENDER seq=153 bmid=1410 render_us=273324
PINGO_RENDER seq=154 bmid=1410 render_us=272667
PINGO_RENDER seq=155 bmid=1410 render_us=271996
PINGO_RENDER seq=156 bmid=1410 render_us=273382
PINGO_RENDER seq=157 bmid=1410 render_us=273002
PINGO_RENDER seq=158 bmid=1410 render_us=273458
PINGO_RENDER seq=159 bmid=1410 render_us=273278
PINGO_RENDER seq=160 bmid=1410 render_us=274720
PINGO_RENDER seq=161 bmid=1410 render_us=277336
PINGO_RENDER seq=162 bmid=1410 render_us=278872
PINGO_RENDER seq=163 bmid=1410 render_us=280946
PINGO_RENDER seq=164 bmid=1410 render_us=280793
PINGO_RENDER seq=165 bmid=1410 render_us=281429
PINGO_RENDER seq=166 bmid=1410 render_us=278949
PINGO_RENDER seq=167 bmid=1410 render_us=277363
PINGO_RENDER seq=168 bmid=1410 render_us=276108
PINGO_RENDER seq=169 bmid=1410 render_us=271290
PINGO_RENDER seq=170 bmid=1410 render_us=267856
PINGO_RENDER seq=171 bmid=1410 render_us=265843
PINGO_RENDER seq=172 bmid=1410 render_us=262659
PINGO_RENDER seq=173 bmid=1410 render_us=259008
PINGO_RENDER seq=174 bmid=1410 render_us=255922
PINGO_RENDER seq=175 bmid=1410 render_us=252636
PINGO_RENDER seq=176 bmid=1410 render_us=249743
PINGO_RENDER seq=177 bmid=1410 render_us=247892
PINGO_RENDER seq=178 bmid=1410 render_us=244901
PINGO_RENDER seq=179 bmid=1410 render_us=241072
PINGO_RENDER seq=180 bmid=1410 render_us=240154
PINGO_RENDER seq=181 bmid=1410 render_us=237151
PINGO_RENDER seq=182 bmid=1410 render_us=235269
PINGO_RENDER seq=183 bmid=1410 render_us=234043
PINGO_RENDER seq=184 bmid=1410 render_us=231018
PINGO_RENDER seq=185 bmid=1410 render_us=229240
PINGO_RENDER seq=186 bmid=1410 render_us=227376
PINGO_RENDER seq=187 bmid=1410 render_us=225400
PINGO_RENDER seq=188 bmid=1410 render_us=222587
PINGO_RENDER seq=189 bmid=1410 render_us=220803
PINGO_RENDER seq=190 bmid=1410 render_us=218569
PINGO_RENDER seq=191 bmid=1410 render_us=215870
PINGO_RENDER seq=192 bmid=1410 render_us=214244
PINGO_RENDER seq=193 bmid=1410 render_us=212130
PINGO_RENDER seq=194 bmid=1410 render_us=209809
PINGO_RENDER seq=195 bmid=1410 render_us=208481
PINGO_RENDER seq=196 bmid=1410 render_us=205735
PINGO_RENDER seq=197 bmid=1410 render_us=203733
PINGO_RENDER seq=198 bmid=1410 render_us=202043
PINGO_RENDER seq=199 bmid=1410 render_us=200020
PINGO_RENDER seq=200 bmid=1410 render_us=197759
PINGO_RENDER seq=201 bmid=1410 render_us=195949
PINGO_RENDER seq=202 bmid=1410 render_us=193657
PINGO_RENDER seq=203 bmid=1410 render_us=191650
PINGO_RENDER seq=204 bmid=1410 render_us=189499
PINGO_RENDER seq=205 bmid=1410 render_us=187483
PINGO_RENDER seq=206 bmid=1410 render_us=185510
PINGO_RENDER seq=207 bmid=1410 render_us=183961
PINGO_RENDER seq=208 bmid=1410 render_us=181909
PINGO_RENDER seq=209 bmid=1410 render_us=179902
PINGO_RENDER seq=210 bmid=1410 render_us=177818
PINGO_RENDER seq=211 bmid=1410 render_us=176391
PINGO_RENDER seq=212 bmid=1410 render_us=174343
PINGO_RENDER seq=213 bmid=1410 render_us=172305
PINGO_RENDER seq=214 bmid=1410 render_us=170741
PINGO_RENDER seq=215 bmid=1410 render_us=168791
PINGO_RENDER seq=216 bmid=1410 render_us=167103
PINGO_RENDER seq=217 bmid=1410 render_us=165295
PINGO_RENDER seq=218 bmid=1410 render_us=163353
PINGO_RENDER seq=219 bmid=1410 render_us=161738
PINGO_RENDER seq=220 bmid=1410 render_us=160479
PINGO_RENDER seq=221 bmid=1410 render_us=158893
PINGO_RENDER seq=222 bmid=1410 render_us=157378
PINGO_RENDER seq=223 bmid=1410 render_us=155633
PINGO_RENDER seq=224 bmid=1410 render_us=154335
PINGO_RENDER seq=225 bmid=1410 render_us=152830
PINGO_RENDER seq=226 bmid=1410 render_us=151512
PINGO_RENDER seq=227 bmid=1410 render_us=151600
PINGO_RENDER seq=228 bmid=1410 render_us=155500
PINGO_RENDER seq=229 bmid=1410 render_us=158420
PINGO_RENDER seq=230 bmid=1410 render_us=161076
PINGO_RENDER seq=231 bmid=1410 render_us=161466
PINGO_RENDER seq=232 bmid=1410 render_us=160483
PINGO_RENDER seq=233 bmid=1410 render_us=159604
PINGO_RENDER seq=234 bmid=1410 render_us=157163
PINGO_RENDER seq=235 bmid=1410 render_us=155836
PINGO_RENDER seq=236 bmid=1410 render_us=154736
PINGO_RENDER seq=237 bmid=1410 render_us=153371
PINGO_RENDER seq=238 bmid=1410 render_us=151921
PINGO_RENDER seq=239 bmid=1410 render_us=150525
PINGO_RENDER seq=240 bmid=1410 render_us=149488
PINGO_RENDER seq=241 bmid=1410 render_us=148679
PINGO_RENDER seq=242 bmid=1410 render_us=147480
PINGO_RENDER seq=243 bmid=1410 render_us=146912
PINGO_RENDER seq=244 bmid=1410 render_us=146530
PINGO_RENDER seq=245 bmid=1410 render_us=145768
PINGO_RENDER seq=246 bmid=1410 render_us=145163
PINGO_RENDER seq=247 bmid=1410 render_us=145362
PINGO_RENDER seq=248 bmid=1410 render_us=144381
PINGO_RENDER seq=249 bmid=1410 render_us=143848
PINGO_RENDER seq=250 bmid=1410 render_us=142740
PINGO_RENDER seq=251 bmid=1410 render_us=141555
PINGO_RENDER seq=252 bmid=1410 render_us=140990
PINGO_RENDER seq=253 bmid=1410 render_us=140050
PINGO_RENDER seq=254 bmid=1410 render_us=139866
PINGO_RENDER seq=255 bmid=1410 render_us=139288
PINGO_RENDER seq=256 bmid=1410 render_us=138235
PINGO_RENDER seq=257 bmid=1410 render_us=137425
PINGO_RENDER seq=258 bmid=1410 render_us=137099
PINGO_RENDER seq=259 bmid=1410 render_us=135374
PINGO_RENDER seq=260 bmid=1410 render_us=134554
PINGO_RENDER seq=261 bmid=1410 render_us=133718
PINGO_RENDER seq=262 bmid=1410 render_us=133524
PINGO_RENDER seq=263 bmid=1410 render_us=133117
PINGO_RENDER seq=264 bmid=1410 render_us=132918
PINGO_RENDER seq=265 bmid=1410 render_us=132020
PINGO_RENDER seq=266 bmid=1410 render_us=131373
PINGO_RENDER seq=267 bmid=1410 render_us=131035
PINGO_RENDER seq=268 bmid=1410 render_us=130798
PINGO_RENDER seq=269 bmid=1410 render_us=129925
PINGO_RENDER seq=270 bmid=1410 render_us=128823
PINGO_RENDER seq=271 bmid=1410 render_us=128659
PINGO_RENDER seq=272 bmid=1410 render_us=127840
PINGO_RENDER seq=273 bmid=1410 render_us=127846
PINGO_RENDER seq=274 bmid=1410 render_us=127585
PINGO_RENDER seq=275 bmid=1410 render_us=127175
PINGO_RENDER seq=276 bmid=1410 render_us=126988
PINGO_RENDER seq=277 bmid=1410 render_us=126778
PINGO_RENDER seq=278 bmid=1410 render_us=126312
PINGO_RENDER seq=279 bmid=1410 render_us=126014
PINGO_RENDER seq=280 bmid=1410 render_us=125405
PINGO_RENDER seq=281 bmid=1410 render_us=124586
PINGO_RENDER seq=282 bmid=1410 render_us=124067
PINGO_RENDER seq=283 bmid=1410 render_us=123877
PINGO_RENDER seq=284 bmid=1410 render_us=123314
PINGO_RENDER seq=285 bmid=1410 render_us=122856
PINGO_RENDER seq=286 bmid=1410 render_us=122230
PINGO_RENDER seq=287 bmid=1410 render_us=121334
PINGO_RENDER seq=288 bmid=1410 render_us=121207
PINGO_RENDER seq=0 bmid=1287 render_us=194262
PINGO_RENDER seq=1 bmid=1287 render_us=200451
PINGO_RENDER seq=2 bmid=1287 render_us=223147
PINGO_RENDER seq=3 bmid=1287 render_us=245353
PINGO_RENDER seq=4 bmid=1287 render_us=261800
PINGO_RENDER seq=5 bmid=1287 render_us=276462
PINGO_RENDER seq=6 bmid=1287 render_us=288545
PINGO_RENDER seq=7 bmid=1287 render_us=294524
PINGO_RENDER seq=8 bmid=1287 render_us=306745
PINGO_RENDER seq=9 bmid=1287 render_us=327981
PINGO_RENDER seq=10 bmid=1287 render_us=335929
PINGO_RENDER seq=11 bmid=1287 render_us=330519
PINGO_RENDER seq=12 bmid=1287 render_us=352167
PINGO_RENDER seq=13 bmid=1287 render_us=369882
PINGO_RENDER seq=14 bmid=1287 render_us=369759
PINGO_RENDER seq=15 bmid=1287 render_us=369632
PINGO_RENDER seq=16 bmid=1287 render_us=362129
PINGO_RENDER seq=17 bmid=1287 render_us=368206
PINGO_RENDER seq=18 bmid=1287 render_us=369231
PINGO_RENDER seq=19 bmid=1287 render_us=368458
PINGO_RENDER seq=20 bmid=1287 render_us=368414
PINGO_RENDER seq=21 bmid=1287 render_us=367951
PINGO_RENDER seq=22 bmid=1287 render_us=368845
PINGO_RENDER seq=23 bmid=1287 render_us=368030
PINGO_RENDER seq=24 bmid=1287 render_us=367063
PINGO_RENDER seq=25 bmid=1287 render_us=367229
PINGO_RENDER seq=26 bmid=1287 render_us=367275
PINGO_RENDER seq=27 bmid=1287 render_us=369118
PINGO_RENDER seq=28 bmid=1287 render_us=26017
PINGO_RENDER seq=29 bmid=1287 render_us=26595
PINGO_RENDER seq=30 bmid=1287 render_us=26630
PINGO_RENDER seq=31 bmid=1287 render_us=26468
PINGO_RENDER seq=32 bmid=1287 render_us=26587
PINGO_RENDER seq=33 bmid=1287 render_us=26549
PINGO_RENDER seq=34 bmid=1287 render_us=289428
PINGO_RENDER seq=35 bmid=1287 render_us=25927
PINGO_RENDER seq=36 bmid=1287 render_us=26495
PINGO_RENDER seq=37 bmid=1287 render_us=26494
PINGO_RENDER seq=38 bmid=1287 render_us=291142
PINGO_RENDER seq=39 bmid=1287 render_us=25823
PINGO_RENDER seq=40 bmid=1287 render_us=26530
PINGO_RENDER seq=41 bmid=1287 render_us=26576
PINGO_RENDER seq=42 bmid=1287 render_us=26535
PINGO_RENDER seq=43 bmid=1287 render_us=26548
PINGO_RENDER seq=44 bmid=1287 render_us=26526
PINGO_RENDER seq=45 bmid=1287 render_us=369775
PINGO_RENDER seq=46 bmid=1287 render_us=367908
PINGO_RENDER seq=47 bmid=1287 render_us=367755
PINGO_RENDER seq=48 bmid=1287 render_us=367702
PINGO_RENDER seq=49 bmid=1287 render_us=368675
PINGO_RENDER seq=50 bmid=1287 render_us=368606
PINGO_RENDER seq=51 bmid=1287 render_us=367439
PINGO_RENDER seq=52 bmid=1287 render_us=367520
PINGO_RENDER seq=53 bmid=1287 render_us=368084
PINGO_RENDER seq=54 bmid=1287 render_us=369258
PINGO_RENDER seq=55 bmid=1287 render_us=368436
PINGO_RENDER seq=56 bmid=1287 render_us=363451
PINGO_RENDER seq=57 bmid=1287 render_us=370334
PINGO_RENDER seq=58 bmid=1287 render_us=370005
PINGO_RENDER seq=59 bmid=1287 render_us=369847
PINGO_RENDER seq=60 bmid=1287 render_us=350229
PINGO_RENDER seq=61 bmid=1287 render_us=329239
PINGO_RENDER seq=62 bmid=1287 render_us=334302
PINGO_RENDER seq=63 bmid=1287 render_us=327861
PINGO_RENDER seq=64 bmid=1287 render_us=306749
PINGO_RENDER seq=65 bmid=1287 render_us=293245
PINGO_RENDER seq=66 bmid=1287 render_us=288204
PINGO_RENDER seq=67 bmid=1287 render_us=277155
PINGO_RENDER seq=68 bmid=1287 render_us=262461
PINGO_RENDER seq=69 bmid=1287 render_us=245140
PINGO_RENDER seq=70 bmid=1287 render_us=223656
PINGO_RENDER seq=71 bmid=1287 render_us=200378
PINGO_RENDER seq=72 bmid=1287 render_us=193086
PINGO_RENDER seq=0 bmid=1297 render_us=141934
PINGO_RENDER seq=1 bmid=1297 render_us=146097
PINGO_RENDER seq=2 bmid=1297 render_us=152751
PINGO_RENDER seq=3 bmid=1297 render_us=159446
PINGO_RENDER seq=4 bmid=1297 render_us=167573
PINGO_RENDER seq=5 bmid=1297 render_us=175489
PINGO_RENDER seq=6 bmid=1297 render_us=184201
PINGO_RENDER seq=7 bmid=1297 render_us=194865
PINGO_RENDER seq=8 bmid=1297 render_us=206748
PINGO_RENDER seq=9 bmid=1297 render_us=219714
PINGO_RENDER seq=10 bmid=1297 render_us=234616
PINGO_RENDER seq=11 bmid=1297 render_us=251500
PINGO_RENDER seq=12 bmid=1297 render_us=270172
PINGO_RENDER seq=13 bmid=1297 render_us=287575
PINGO_RENDER seq=14 bmid=1297 render_us=304457
PINGO_RENDER seq=15 bmid=1297 render_us=322574
PINGO_RENDER seq=16 bmid=1297 render_us=343722
PINGO_RENDER seq=17 bmid=1297 render_us=366201
PINGO_RENDER seq=18 bmid=1297 render_us=384319
PINGO_RENDER seq=19 bmid=1297 render_us=393973
PINGO_RENDER seq=20 bmid=1297 render_us=397676
PINGO_RENDER seq=21 bmid=1297 render_us=395212
PINGO_RENDER seq=22 bmid=1297 render_us=390177
PINGO_RENDER seq=23 bmid=1297 render_us=388997
PINGO_RENDER seq=24 bmid=1297 render_us=387265
PINGO_RENDER seq=25 bmid=1297 render_us=385126
PINGO_RENDER seq=26 bmid=1297 render_us=382150
PINGO_RENDER seq=27 bmid=1297 render_us=380927
PINGO_RENDER seq=28 bmid=1297 render_us=35903
PINGO_RENDER seq=29 bmid=1297 render_us=35886
PINGO_RENDER seq=30 bmid=1297 render_us=35795
PINGO_RENDER seq=31 bmid=1297 render_us=35793
PINGO_RENDER seq=32 bmid=1297 render_us=35746
PINGO_RENDER seq=33 bmid=1297 render_us=35728
PINGO_RENDER seq=34 bmid=1297 render_us=35718
PINGO_RENDER seq=35 bmid=1297 render_us=35664
PINGO_RENDER seq=36 bmid=1297 render_us=35748
PINGO_RENDER seq=37 bmid=1297 render_us=35618
PINGO_RENDER seq=38 bmid=1297 render_us=35712
PINGO_RENDER seq=39 bmid=1297 render_us=35749
PINGO_RENDER seq=40 bmid=1297 render_us=35809
PINGO_RENDER seq=41 bmid=1297 render_us=35783
PINGO_RENDER seq=42 bmid=1297 render_us=35765
PINGO_RENDER seq=43 bmid=1297 render_us=35846
PINGO_RENDER seq=44 bmid=1297 render_us=35829
PINGO_RENDER seq=45 bmid=1297 render_us=380912
PINGO_RENDER seq=46 bmid=1297 render_us=382585
PINGO_RENDER seq=47 bmid=1297 render_us=384258
PINGO_RENDER seq=48 bmid=1297 render_us=386542
PINGO_RENDER seq=49 bmid=1297 render_us=389379
PINGO_RENDER seq=50 bmid=1297 render_us=390746
PINGO_RENDER seq=51 bmid=1297 render_us=393996
PINGO_RENDER seq=52 bmid=1297 render_us=397258
PINGO_RENDER seq=53 bmid=1297 render_us=393747
PINGO_RENDER seq=54 bmid=1297 render_us=384442
PINGO_RENDER seq=55 bmid=1297 render_us=366865
PINGO_RENDER seq=56 bmid=1297 render_us=344325
PINGO_RENDER seq=57 bmid=1297 render_us=323133
PINGO_RENDER seq=58 bmid=1297 render_us=305613
PINGO_RENDER seq=59 bmid=1297 render_us=288832
PINGO_RENDER seq=60 bmid=1297 render_us=270824
PINGO_RENDER seq=61 bmid=1297 render_us=250983
PINGO_RENDER seq=62 bmid=1297 render_us=234295
PINGO_RENDER seq=63 bmid=1297 render_us=219142
PINGO_RENDER seq=64 bmid=1297 render_us=206639
PINGO_RENDER seq=65 bmid=1297 render_us=195611
PINGO_RENDER seq=66 bmid=1297 render_us=184847
PINGO_RENDER seq=67 bmid=1297 render_us=175090
PINGO_RENDER seq=68 bmid=1297 render_us=167131
PINGO_RENDER seq=69 bmid=1297 render_us=159423
PINGO_RENDER seq=70 bmid=1297 render_us=152382
PINGO_RENDER seq=71 bmid=1297 render_us=146160
PINGO_RENDER seq=72 bmid=1297 render_us=140717
PINGO_RENDER seq=0 bmid=1307 render_us=43358
PINGO_RENDER seq=1 bmid=1307 render_us=43969
PINGO_RENDER seq=2 bmid=1307 render_us=46554
PINGO_RENDER seq=3 bmid=1307 render_us=49256
PINGO_RENDER seq=4 bmid=1307 render_us=51136
PINGO_RENDER seq=5 bmid=1307 render_us=52977
PINGO_RENDER seq=6 bmid=1307 render_us=54458
PINGO_RENDER seq=7 bmid=1307 render_us=55986
PINGO_RENDER seq=8 bmid=1307 render_us=56768
PINGO_RENDER seq=9 bmid=1307 render_us=58634
PINGO_RENDER seq=10 bmid=1307 render_us=60200
PINGO_RENDER seq=11 bmid=1307 render_us=61326
PINGO_RENDER seq=12 bmid=1307 render_us=62483
PINGO_RENDER seq=13 bmid=1307 render_us=62754
PINGO_RENDER seq=14 bmid=1307 render_us=62409
PINGO_RENDER seq=15 bmid=1307 render_us=61310
PINGO_RENDER seq=16 bmid=1307 render_us=58875
PINGO_RENDER seq=17 bmid=1307 render_us=55368
PINGO_RENDER seq=18 bmid=1307 render_us=53537
PINGO_RENDER seq=19 bmid=1307 render_us=60920
PINGO_RENDER seq=20 bmid=1307 render_us=72350
PINGO_RENDER seq=21 bmid=1307 render_us=87291
PINGO_RENDER seq=22 bmid=1307 render_us=98122
PINGO_RENDER seq=23 bmid=1307 render_us=107811
PINGO_RENDER seq=24 bmid=1307 render_us=118598
PINGO_RENDER seq=25 bmid=1307 render_us=127800
PINGO_RENDER seq=26 bmid=1307 render_us=131100
PINGO_RENDER seq=27 bmid=1307 render_us=133981
PINGO_RENDER seq=28 bmid=1307 render_us=148494
PINGO_RENDER seq=29 bmid=1307 render_us=135910
PINGO_RENDER seq=30 bmid=1307 render_us=197829
PINGO_RENDER seq=31 bmid=1307 render_us=217392
PINGO_RENDER seq=32 bmid=1307 render_us=269015
PINGO_RENDER seq=33 bmid=1307 render_us=250603
PINGO_RENDER seq=34 bmid=1307 render_us=118767
PINGO_RENDER seq=35 bmid=1307 render_us=569908
PINGO_RENDER seq=36 bmid=1307 render_us=37358
PINGO_RENDER seq=37 bmid=1307 render_us=570322
PINGO_RENDER seq=38 bmid=1307 render_us=118810
PINGO_RENDER seq=39 bmid=1307 render_us=250987
PINGO_RENDER seq=40 bmid=1307 render_us=267954
PINGO_RENDER seq=41 bmid=1307 render_us=216691
PINGO_RENDER seq=42 bmid=1307 render_us=197852
PINGO_RENDER seq=43 bmid=1307 render_us=136082
PINGO_RENDER seq=44 bmid=1307 render_us=149273
PINGO_RENDER seq=45 bmid=1307 render_us=134968
PINGO_RENDER seq=46 bmid=1307 render_us=131994
PINGO_RENDER seq=47 bmid=1307 render_us=128472
PINGO_RENDER seq=48 bmid=1307 render_us=119200
PINGO_RENDER seq=49 bmid=1307 render_us=108147
PINGO_RENDER seq=50 bmid=1307 render_us=98402
PINGO_RENDER seq=51 bmid=1307 render_us=87502
PINGO_RENDER seq=52 bmid=1307 render_us=72704
PINGO_RENDER seq=53 bmid=1307 render_us=60965
PINGO_RENDER seq=54 bmid=1307 render_us=53506
PINGO_RENDER seq=55 bmid=1307 render_us=55336
PINGO_RENDER seq=56 bmid=1307 render_us=58647
PINGO_RENDER seq=57 bmid=1307 render_us=61024
PINGO_RENDER seq=58 bmid=1307 render_us=62354
PINGO_RENDER seq=59 bmid=1307 render_us=62923
PINGO_RENDER seq=60 bmid=1307 render_us=62559
PINGO_RENDER seq=61 bmid=1307 render_us=61418
PINGO_RENDER seq=62 bmid=1307 render_us=60368
PINGO_RENDER seq=63 bmid=1307 render_us=59083
PINGO_RENDER seq=64 bmid=1307 render_us=57259
PINGO_RENDER seq=65 bmid=1307 render_us=56405
PINGO_RENDER seq=66 bmid=1307 render_us=54858
PINGO_RENDER seq=67 bmid=1307 render_us=53168
PINGO_RENDER seq=68 bmid=1307 render_us=51101
PINGO_RENDER seq=69 bmid=1307 render_us=49378
PINGO_RENDER seq=70 bmid=1307 render_us=46756
PINGO_RENDER seq=71 bmid=1307 render_us=44049
PINGO_RENDER seq=72 bmid=1307 render_us=42156
Guru Meditation Error: Core  0 panic'ed (StoreProhibited). Exception was unhandled.

Core  0 register dump:
PC      : 0x400e55fb  PS      : 0x00060d30  A0      : 0x800ea844  A1      : 0x3ffbc340  
A2      : 0x3ffbc388  A3      : 0x0000000c  A4      : 0x3ffc51f8  A5      : 0x3f401538  
A6      : 0x00000000  A7      : 0x00000000  A8      : 0x00000001  A9      : 0x3ffbc320  
A10     : 0x0000000c  A11     : 0x00012c00  A12     : 0x00000000  A13     : 0x00000025  
A14     : 0x00000025  A15     : 0x00000016  SAR     : 0x0000001f  EXCCAUSE: 0x0000001d  
EXCVADDR: 0x00000004  LBEG    : 0x4008bf7d  LEND    : 0x4008bf9f  LCOUNT  : 0xffffffff  


Backtrace: 0x400e55f8:0x3ffbc340 0x400ea841:0x3ffbc380 0x400ec61a:0x3ffbc3b0 0x400f4b41:0x3ffbc3e0 0x400edc22:0x3ffbc410 0x400f5461:0x3ffbc430 0x400f54f9:0x3ffbc460




ELF file SHA256: 5467c805be72a1e8

Rebooting...
[   694][E][esp32-hal-misc.c:143] disableCore1WDT(): Failed to remove Core 1 IDLE task from WDT
